// Jest Snapshot v1, https://goo.gl/fbAQLP

exports[`Toast plugin has close method on instance returned by open() 1`] = `
<div
  class="vt__item vt__item--success vt__item--bottom-right v-enter fadeInUp"
  role="alert"
  style=""
>
  <div
    class="vt__icon"
  />
   
  <p
    class="vt__text"
  >
    <b>
      Sample
    </b>
  </p>
</div>
`;
